\BOOKMARK [1][-]{section.1}{\376\377\0001\000.\000\040\000I\000n\000t\000r\000o\000d\000u\000c\000t\000i\000o\000n}{}% 1
\BOOKMARK [1][-]{section.2}{\376\377\0002\000.\000\040\000W\000e\000y\000l\000\040\000G\000r\000o\000u\000p\000s\000\040\000a\000n\000d\000\040\000T\000h\000e\000i\000r\000\040\000R\000e\000p\000r\000e\000s\000e\000n\000t\000a\000t\000i\000o\000n\000s}{}% 2
\BOOKMARK [2][-]{subsection.2.1}{\376\377\0002\000.\0001\000.\000\040\000S\000e\000t\000u\000p}{section.2}% 3
\BOOKMARK [2][-]{subsection.2.2}{\376\377\0002\000.\0002\000.\000\040\000T\000h\000e\000\040\000r\000e\000f\000l\000e\000c\000t\000i\000o\000n\000\040\000r\000e\000p\000r\000e\000s\000e\000n\000t\000a\000t\000i\000o\000n}{section.2}% 4
\BOOKMARK [1][-]{section.3}{\376\377\0003\000.\000\040\000T\000h\000e\000\040\000D\000e\000g\000r\000e\000e\000\040\000\050\000b\000-\000V\000a\000l\000u\000e\000\051}{}% 5
\BOOKMARK [2][-]{subsection.3.1}{\376\377\0003\000.\0001\000.\000\040\000D\000e\000f\000i\000n\000i\000t\000i\000o\000n}{section.3}% 6
\BOOKMARK [2][-]{subsection.3.2}{\376\377\0003\000.\0002\000.\000\040\000I\000m\000p\000l\000e\000m\000e\000n\000t\000a\000t\000i\000o\000n\000\040\000i\000n\000\040\000A\000t\000l\000a\000s}{section.3}% 7
\BOOKMARK [1][-]{section.4}{\376\377\0004\000.\000\040\000S\000p\000e\000c\000i\000a\000l\000\040\000R\000e\000p\000r\000e\000s\000e\000n\000t\000a\000t\000i\000o\000n\000s\000\040\000a\000n\000d\000\040\000F\000a\000m\000i\000l\000i\000e\000s}{}% 8
\BOOKMARK [2][-]{subsection.4.1}{\376\377\0004\000.\0001\000.\000\040\000T\000h\000e\000\040\000S\000p\000r\000i\000n\000g\000e\000r\000\040\000C\000o\000r\000r\000e\000s\000p\000o\000n\000d\000e\000n\000c\000e}{section.4}% 9
\BOOKMARK [2][-]{subsection.4.2}{\376\377\0004\000.\0002\000.\000\040\000S\000p\000e\000c\000i\000a\000l\000\040\000O\000r\000b\000i\000t\000s}{section.4}% 10
\BOOKMARK [2][-]{subsection.4.3}{\376\377\0004\000.\0003\000.\000\040\000S\000p\000e\000c\000i\000a\000l\000\040\000R\000e\000p\000r\000e\000s\000e\000n\000t\000a\000t\000i\000o\000n\000s}{section.4}% 11
\BOOKMARK [2][-]{subsection.4.4}{\376\377\0004\000.\0004\000.\000\040\000F\000a\000m\000i\000l\000i\000e\000s}{section.4}% 12
\BOOKMARK [1][-]{section.5}{\376\377\0005\000.\000\040\000G\000e\000n\000e\000r\000i\000c\000\040\000D\000e\000g\000r\000e\000e\000\040\000\050\000a\000-\000V\000a\000l\000u\000e\000\051}{}% 13
\BOOKMARK [2][-]{subsection.5.1}{\376\377\0005\000.\0001\000.\000\040\000D\000e\000f\000i\000n\000i\000t\000i\000o\000n\000\040\000v\000i\000a\000\040\000F\000a\000m\000i\000l\000i\000e\000s}{section.5}% 14
\BOOKMARK [2][-]{subsection.5.2}{\376\377\0005\000.\0002\000.\000\040\000D\000e\000f\000i\000n\000i\000t\000i\000o\000n\000\040\000v\000i\000a\000\040\000t\000h\000e\000\040\000G\000e\000n\000e\000r\000i\000c\000\040\000H\000e\000c\000k\000e\000\040\000A\000l\000g\000e\000b\000r\000a}{section.5}% 15
\BOOKMARK [2][-]{subsection.5.3}{\376\377\0005\000.\0003\000.\000\040\000C\000o\000n\000n\000e\000c\000t\000i\000o\000n\000\040\000w\000i\000t\000h\000\040\000K\000a\000z\000h\000d\000a\000n\040\023\000L\000u\000s\000z\000t\000i\000g\000\040\000C\000e\000l\000l\000s}{section.5}% 16
\BOOKMARK [2][-]{subsection.5.4}{\376\377\0005\000.\0004\000.\000\040\000C\000o\000n\000n\000e\000c\000t\000i\000o\000n\000\040\000w\000i\000t\000h\000\040\000G\000r\000e\000e\000n\000\040\000F\000u\000n\000c\000t\000i\000o\000n\000s\000\040\000a\000n\000d\000\040\000U\000n\000i\000p\000o\000t\000e\000n\000t\000\040\000C\000h\000a\000r\000a\000c\000t\000e\000r\000s}{section.5}% 17
\BOOKMARK [1][-]{section.6}{\376\377\0006\000.\000\040\000C\000o\000m\000p\000u\000t\000i\000n\000g\000\040\000G\000e\000n\000e\000r\000i\000c\000\040\000D\000e\000g\000r\000e\000e\000s\000:\000\040\000T\000w\000o\000\040\000A\000l\000g\000o\000r\000i\000t\000h\000m\000s}{}% 18
\BOOKMARK [2][-]{subsection.6.1}{\376\377\0006\000.\0001\000.\000\040\000C\000e\000l\000l\000-\000B\000a\000s\000e\000d\000\040\000A\000l\000g\000o\000r\000i\000t\000h\000m}{section.6}% 19
\BOOKMARK [2][-]{subsection.6.2}{\376\377\0006\000.\0002\000.\000\040\000G\000e\000c\000k\000'\000s\000\040\000I\000n\000d\000u\000c\000t\000i\000v\000e\000\040\000A\000l\000g\000o\000r\000i\000t\000h\000m}{section.6}% 20
\BOOKMARK [2][-]{subsection.6.3}{\376\377\0006\000.\0003\000.\000\040\000M\000i\000x\000e\000d\000\040\000S\000t\000r\000a\000t\000e\000g\000y}{section.6}% 21
\BOOKMARK [1][-]{section.7}{\376\377\0007\000.\000\040\000A\000l\000g\000o\000r\000i\000t\000h\000m\000\040\000f\000o\000r\000\040\000t\000h\000e\000\040\000M\000a\000p\000\040\000t\000o\000\040\000t\000h\000e\000\040\000S\000p\000e\000c\000i\000a\000l\000\040\000R\000e\000p\000r\000e\000s\000e\000n\000t\000a\000t\000i\000o\000n}{}% 22
\BOOKMARK [1][-]{section.8}{\376\377\0008\000.\000\040\000D\000i\000s\000p\000l\000a\000y\000\040\000F\000u\000n\000c\000t\000i\000o\000n\000s\000\040\000i\000n\000\040\000A\000t\000l\000a\000s}{}% 23
\BOOKMARK [1][-]{section.9}{\376\377\0009\000.\000\040\000E\000x\000a\000m\000p\000l\000e\000:\000\040\000T\000y\000p\000e\000\040\000G\0002}{}% 24
\BOOKMARK [1][-]{section.10}{\376\377\0001\0000\000.\000\040\000S\000u\000m\000m\000a\000r\000y}{}% 25
\BOOKMARK [1][-]{section*.7}{\376\377\000R\000e\000f\000e\000r\000e\000n\000c\000e\000s}{}% 26
